// Jest Snapshot v1, https://goo.gl/fbAQLP

exports[`renders SelectItem correctly: enzyme.shallow 1`] = `
<span>
  Option 1
</span>
`;
